[org.codelibs.sai.internal.dynalink.beans.CallerSensitiveDynamicMethod Object java.security.AccessController.doPrivileged(PrivilegedAction)]
[org.codelibs.sai.internal.dynalink.beans.SimpleDynamicMethod String java.lang.String.valueOf(char)]
