abc
[org.codelibs.sai.internal.dynalink.beans.SimpleDynamicMethod java.lang.String(char[],int,int)]
ava
TypeError: null is not a function
TypeError: null is not a function
TypeError: null is not a function
TypeError: Constructor [org.codelibs.sai.internal.dynalink.beans.SimpleDynamicMethod java.lang.String(char[],int,int)] requires "new".
TypeError: null is not a function
TypeError: null is not a function
java.lang.InstantiationException: java.io.InputStream
