test/script/error/SAI-35.js:30:4 Expected an operand but found =
new = 1;
    ^
