test/script/error/SAI-568.js:30:0 Missing catch or finally after try
try { }
^
