test/script/error/SAI-57.js:35:2 Expected l-value but found ;
++;
  ^
