java.security.AccessControlException: access denied ("java.lang.RuntimePermission" "accessClassInPackage.org.codelibs.sai.internal.test.models")
