java.security.AccessControlException: access denied ("java.lang.RuntimePermission" "sai.JavaReflection")
