foo = 44
bar = hello
sai -> hello
-3,34,53,567
-3,33,34,53,57,670
he__o
hELLo
